1 * 3
3
1 + 2
3
1 < 3
1
4 - 2
2
3 / 2
1
13 % 3
1
4 = 4
1
5 <= 7
1
6 >= 6
1
5 > 7
0
true and true
1
true or false
1
true and false
0